main.c:116:5:main	40	static
main.c:191:6:SystemClock_Config	72	static
main.c:227:13:MX_TIM2_Init	32	static
main.c:272:13:MX_GPIO_Init	32	static
main.c:321:6:Toggle_EN	8	static
main.c:329:6:clearAllEN	4	static
main.c:337:6:update7Seg	16	static
main.c:363:6:updateClockBuffer	24	static
main.c:370:6:incrementClock	24	static
main.c:385:6:HAL_TIM_PeriodElapsedCallback	16	static
main.c:390:6:display7Seg	24	static
main.c:401:6:updateLEDMatrix	24	static
main.c:408:6:clearCol	16	static
main.c:414:6:clearRow	16	static
main.c:420:6:writeCol	32	static
main.c:426:6:writeRow	32	static
main.c:432:6:setCol	24	static
main.c:438:6:setRow	24	static
main.c:449:6:Error_Handler	4	static,ignoring_inline_asm
